person__delivery_zone_4_14,person___region___8_1,person__do_you_have_any_allergies_,name,name_2
a,b,c,d,e
